Fri, 05 Aug 2016 22:58:48 _internal.py[line:87] WARNING  * Debugger is active!
Fri, 05 Aug 2016 22:58:48 _internal.py[line:87] INFO  * Debugger pin code: 322-285-974
Fri, 05 Aug 2016 23:11:3Fri, 05 Aug 2016 23:11:33 _internal.py[line:87] INFO  * Restarting with stat
Fri, 05 Aug 2016 23:11:39 _internal.py[line:87] INFO  * Restarting with stat
Fri, 05 Aug 2016 23:11:45 _internal.py[line:87] INFO  * Restarting with stat
Fri, 05 Aug 2016 23:11:50 _internal.py[line:87] INFO  * Restarting with stat
Fri, 05 Aug 2016 23:11:55 _internal.py[line:87] INFO  * Restarting with stat
Fri, 05 Aug 2016 23:11:58 _internal.py[line:87] INFO  * Restarting with stat
Fri, 05 Aug 2016 23:12:03 _internal.py[line:87] INFO  * Restarting with stat
Fri, 05 Aug 2016 23:12:10 _internal.py[line:87] INFO  * Restarting with stat
